\BOOKMARK [0][-]{chapter.1}{1 Kapitel sind ganz einfach}{}% 1
\BOOKMARK [1][-]{section.1.1}{1.1 Abschnitte ebenfalls}{chapter.1}% 2
\BOOKMARK [1][-]{section.1.2}{1.2 Definitionen}{chapter.1}% 3
\BOOKMARK [1][-]{section.1.3}{1.3 Zweiter Abschnitt}{chapter.1}% 4
\BOOKMARK [2][-]{subsection.1.3.1}{1.3.1 Tabellen}{section.1.3}% 5
\BOOKMARK [2][-]{subsection.1.3.2}{1.3.2 Algorithmen}{section.1.3}% 6
\BOOKMARK [2][-]{subsection.1.3.3}{1.3.3 Literaturverweise}{section.1.3}% 7
